[31mError: [0m[1mtest/assets/badsyntax.y:4:[0m unexpected token "}"
