Parsing grammar file...
Generating LALR states...
Resolving 320 states...
Creating parser file...

Warning: Useless terminal UNMATCHED does not appear on the right side of any rule, neither is it the start symbol.

Warning: Useless terminal PUA does not appear on the right side of any rule, neither is it the start symbol.

2 useless terminals
